resource "kubernetes_secret" "secret_basic_auth" {
  metadata {
    name = "secret-basic-auth"
  }

  data = {
    password = "t0p-Secret"

    username = "admin"
  }

  type = "kubernetes.io/basic-auth"
}
